INFO: checking out_of_order...
INFO:     out_of_order check complete (0.000205 sec).
INFO: checking system...
INFO:     system check complete (0.000006 sec).
INFO: checking solvers...
INFO:     solvers check complete (0.000054 sec).
INFO: checking dup_inputs...
INFO:     dup_inputs check complete (0.000016 sec).
INFO: checking missing_recorders...
INFO:     missing_recorders check complete (0.000001 sec).
INFO: checking unserializable_options...
INFO:     unserializable_options check complete (0.000067 sec).
INFO: checking comp_has_no_outputs...
INFO:     comp_has_no_outputs check complete (0.000012 sec).
INFO: checking auto_ivc_warnings...
INFO:     auto_ivc_warnings check complete (0.000001 sec).
INFO: checking out_of_order...
INFO:     out_of_order check complete (0.000044 sec).
INFO: checking system...
INFO:     system check complete (0.000004 sec).
INFO: checking solvers...
INFO:     solvers check complete (0.000037 sec).
INFO: checking dup_inputs...
INFO:     dup_inputs check complete (0.000011 sec).
INFO: checking missing_recorders...
INFO:     missing_recorders check complete (0.000001 sec).
INFO: checking unserializable_options...
INFO:     unserializable_options check complete (0.000039 sec).
INFO: checking comp_has_no_outputs...
INFO:     comp_has_no_outputs check complete (0.000009 sec).
INFO: checking auto_ivc_warnings...
INFO:     auto_ivc_warnings check complete (0.000001 sec).
INFO: checking out_of_order...
INFO:     out_of_order check complete (0.000125 sec).
INFO: checking system...
INFO:     system check complete (0.000008 sec).
INFO: checking solvers...
INFO:     solvers check complete (0.000081 sec).
INFO: checking dup_inputs...
INFO:     dup_inputs check complete (0.000019 sec).
INFO: checking missing_recorders...
INFO:     missing_recorders check complete (0.000002 sec).
INFO: checking unserializable_options...
INFO:     unserializable_options check complete (0.000097 sec).
INFO: checking comp_has_no_outputs...
INFO:     comp_has_no_outputs check complete (0.000018 sec).
INFO: checking auto_ivc_warnings...
INFO:     auto_ivc_warnings check complete (0.000006 sec).
INFO: checking out_of_order...
INFO:     out_of_order check complete (0.000135 sec).
INFO: checking system...
INFO:     system check complete (0.000010 sec).
INFO: checking solvers...
INFO:     solvers check complete (0.000094 sec).
INFO: checking dup_inputs...
INFO:     dup_inputs check complete (0.000017 sec).
INFO: checking missing_recorders...
INFO:     missing_recorders check complete (0.000002 sec).
INFO: checking unserializable_options...
INFO:     unserializable_options check complete (0.000082 sec).
INFO: checking comp_has_no_outputs...
INFO:     comp_has_no_outputs check complete (0.000016 sec).
INFO: checking auto_ivc_warnings...
INFO:     auto_ivc_warnings check complete (0.000001 sec).
INFO: checking out_of_order...
INFO:     out_of_order check complete (0.000119 sec).
INFO: checking system...
INFO:     system check complete (0.000005 sec).
INFO: checking solvers...
INFO:     solvers check complete (0.000056 sec).
INFO: checking dup_inputs...
INFO:     dup_inputs check complete (0.000018 sec).
INFO: checking missing_recorders...
INFO:     missing_recorders check complete (0.000001 sec).
INFO: checking unserializable_options...
INFO:     unserializable_options check complete (0.000066 sec).
INFO: checking comp_has_no_outputs...
INFO:     comp_has_no_outputs check complete (0.000010 sec).
INFO: checking auto_ivc_warnings...
INFO:     auto_ivc_warnings check complete (0.000002 sec).
INFO: checking out_of_order...
INFO:     out_of_order check complete (0.000050 sec).
INFO: checking system...
INFO:     system check complete (0.000004 sec).
INFO: checking solvers...
INFO:     solvers check complete (0.000039 sec).
INFO: checking dup_inputs...
INFO:     dup_inputs check complete (0.000011 sec).
INFO: checking missing_recorders...
INFO:     missing_recorders check complete (0.000001 sec).
INFO: checking unserializable_options...
INFO:     unserializable_options check complete (0.000039 sec).
INFO: checking comp_has_no_outputs...
INFO:     comp_has_no_outputs check complete (0.000010 sec).
INFO: checking auto_ivc_warnings...
INFO:     auto_ivc_warnings check complete (0.000001 sec).
INFO: checking out_of_order...
INFO:     out_of_order check complete (0.000100 sec).
INFO: checking system...
INFO:     system check complete (0.000010 sec).
INFO: checking solvers...
INFO:     solvers check complete (0.000144 sec).
INFO: checking dup_inputs...
INFO:     dup_inputs check complete (0.000026 sec).
INFO: checking missing_recorders...
INFO:     missing_recorders check complete (0.000005 sec).
INFO: checking unserializable_options...
INFO:     unserializable_options check complete (0.000153 sec).
INFO: checking comp_has_no_outputs...
INFO:     comp_has_no_outputs check complete (0.000068 sec).
INFO: checking auto_ivc_warnings...
INFO:     auto_ivc_warnings check complete (0.000002 sec).
INFO: checking out_of_order...
INFO:     out_of_order check complete (0.000241 sec).
INFO: checking system...
INFO:     system check complete (0.000015 sec).
INFO: checking solvers...
INFO:     solvers check complete (0.000120 sec).
INFO: checking dup_inputs...
INFO:     dup_inputs check complete (0.000030 sec).
INFO: checking missing_recorders...
INFO:     missing_recorders check complete (0.000006 sec).
INFO: checking unserializable_options...
INFO:     unserializable_options check complete (0.000175 sec).
INFO: checking comp_has_no_outputs...
INFO:     comp_has_no_outputs check complete (0.000050 sec).
INFO: checking auto_ivc_warnings...
INFO:     auto_ivc_warnings check complete (0.000002 sec).
INFO: checking out_of_order...
INFO:     out_of_order check complete (0.000108 sec).
INFO: checking system...
INFO:     system check complete (0.000006 sec).
INFO: checking solvers...
INFO:     solvers check complete (0.000054 sec).
INFO: checking dup_inputs...
INFO:     dup_inputs check complete (0.000020 sec).
INFO: checking missing_recorders...
INFO:     missing_recorders check complete (0.000001 sec).
INFO: checking unserializable_options...
INFO:     unserializable_options check complete (0.000066 sec).
INFO: checking comp_has_no_outputs...
INFO:     comp_has_no_outputs check complete (0.000010 sec).
INFO: checking auto_ivc_warnings...
INFO:     auto_ivc_warnings check complete (0.000002 sec).
INFO: checking out_of_order...
INFO:     out_of_order check complete (0.000046 sec).
INFO: checking system...
INFO:     system check complete (0.000004 sec).
INFO: checking solvers...
INFO:     solvers check complete (0.000041 sec).
INFO: checking dup_inputs...
INFO:     dup_inputs check complete (0.000011 sec).
INFO: checking missing_recorders...
INFO:     missing_recorders check complete (0.000001 sec).
INFO: checking unserializable_options...
INFO:     unserializable_options check complete (0.000046 sec).
INFO: checking comp_has_no_outputs...
INFO:     comp_has_no_outputs check complete (0.000013 sec).
INFO: checking auto_ivc_warnings...
INFO:     auto_ivc_warnings check complete (0.000001 sec).
INFO: checking out_of_order...
INFO:     out_of_order check complete (0.000121 sec).
INFO: checking system...
INFO:     system check complete (0.000005 sec).
INFO: checking solvers...
INFO:     solvers check complete (0.000056 sec).
INFO: checking dup_inputs...
INFO:     dup_inputs check complete (0.000016 sec).
INFO: checking missing_recorders...
INFO:     missing_recorders check complete (0.000001 sec).
INFO: checking unserializable_options...
INFO:     unserializable_options check complete (0.000073 sec).
INFO: checking comp_has_no_outputs...
INFO:     comp_has_no_outputs check complete (0.000010 sec).
INFO: checking auto_ivc_warnings...
INFO:     auto_ivc_warnings check complete (0.000002 sec).
INFO: checking out_of_order...
INFO:     out_of_order check complete (0.000042 sec).
INFO: checking system...
INFO:     system check complete (0.000004 sec).
INFO: checking solvers...
INFO:     solvers check complete (0.000032 sec).
INFO: checking dup_inputs...
INFO:     dup_inputs check complete (0.000010 sec).
INFO: checking missing_recorders...
INFO:     missing_recorders check complete (0.000001 sec).
INFO: checking unserializable_options...
INFO:     unserializable_options check complete (0.000078 sec).
INFO: checking comp_has_no_outputs...
INFO:     comp_has_no_outputs check complete (0.000041 sec).
INFO: checking auto_ivc_warnings...
INFO:     auto_ivc_warnings check complete (0.000001 sec).
INFO: checking out_of_order...
INFO:     out_of_order check complete (0.000091 sec).
INFO: checking system...
INFO:     system check complete (0.000007 sec).
INFO: checking solvers...
INFO:     solvers check complete (0.000047 sec).
INFO: checking dup_inputs...
INFO:     dup_inputs check complete (0.000015 sec).
INFO: checking missing_recorders...
INFO:     missing_recorders check complete (0.000001 sec).
INFO: checking unserializable_options...
INFO:     unserializable_options check complete (0.000059 sec).
INFO: checking comp_has_no_outputs...
INFO:     comp_has_no_outputs check complete (0.000011 sec).
INFO: checking auto_ivc_warnings...
INFO:     auto_ivc_warnings check complete (0.000001 sec).
INFO: checking out_of_order...
INFO:     out_of_order check complete (0.000044 sec).
INFO: checking system...
INFO:     system check complete (0.000004 sec).
INFO: checking solvers...
INFO:     solvers check complete (0.000031 sec).
INFO: checking dup_inputs...
INFO:     dup_inputs check complete (0.000011 sec).
INFO: checking missing_recorders...
INFO:     missing_recorders check complete (0.000001 sec).
INFO: checking unserializable_options...
INFO:     unserializable_options check complete (0.000041 sec).
INFO: checking comp_has_no_outputs...
INFO:     comp_has_no_outputs check complete (0.000008 sec).
INFO: checking auto_ivc_warnings...
INFO:     auto_ivc_warnings check complete (0.000001 sec).
INFO: checking out_of_order...
INFO:     out_of_order check complete (0.000090 sec).
INFO: checking system...
INFO:     system check complete (0.000007 sec).
INFO: checking solvers...
INFO:     solvers check complete (0.000061 sec).
INFO: checking dup_inputs...
INFO:     dup_inputs check complete (0.000015 sec).
INFO: checking missing_recorders...
INFO:     missing_recorders check complete (0.000002 sec).
INFO: checking unserializable_options...
INFO:     unserializable_options check complete (0.000071 sec).
INFO: checking comp_has_no_outputs...
INFO:     comp_has_no_outputs check complete (0.000016 sec).
INFO: checking auto_ivc_warnings...
INFO:     auto_ivc_warnings check complete (0.000001 sec).
INFO: checking out_of_order...
INFO:     out_of_order check complete (0.000061 sec).
INFO: checking system...
INFO:     system check complete (0.000005 sec).
INFO: checking solvers...
INFO:     solvers check complete (0.000041 sec).
INFO: checking dup_inputs...
INFO:     dup_inputs check complete (0.000012 sec).
INFO: checking missing_recorders...
INFO:     missing_recorders check complete (0.000001 sec).
INFO: checking unserializable_options...
INFO:     unserializable_options check complete (0.000048 sec).
INFO: checking comp_has_no_outputs...
INFO:     comp_has_no_outputs check complete (0.000010 sec).
INFO: checking auto_ivc_warnings...
INFO:     auto_ivc_warnings check complete (0.000001 sec).
