INFO: checking out_of_order...
INFO:     out_of_order check complete (0.000213 sec).
INFO: checking system...
INFO:     system check complete (0.000005 sec).
INFO: checking solvers...
INFO:     solvers check complete (0.000120 sec).
INFO: checking dup_inputs...
INFO:     dup_inputs check complete (0.000015 sec).
INFO: checking missing_recorders...
INFO:     missing_recorders check complete (0.000002 sec).
INFO: checking unserializable_options...
INFO:     unserializable_options check complete (0.000069 sec).
INFO: checking comp_has_no_outputs...
INFO:     comp_has_no_outputs check complete (0.000014 sec).
INFO: checking auto_ivc_warnings...
INFO:     auto_ivc_warnings check complete (0.000001 sec).
INFO: checking out_of_order...
INFO:     out_of_order check complete (0.000052 sec).
INFO: checking system...
INFO:     system check complete (0.000004 sec).
INFO: checking solvers...
INFO:     solvers check complete (0.000042 sec).
INFO: checking dup_inputs...
INFO:     dup_inputs check complete (0.000011 sec).
INFO: checking missing_recorders...
INFO:     missing_recorders check complete (0.000001 sec).
INFO: checking unserializable_options...
INFO:     unserializable_options check complete (0.000040 sec).
INFO: checking comp_has_no_outputs...
INFO:     comp_has_no_outputs check complete (0.000008 sec).
INFO: checking auto_ivc_warnings...
INFO:     auto_ivc_warnings check complete (0.000001 sec).
INFO: checking out_of_order...
INFO:     out_of_order check complete (0.000088 sec).
INFO: checking system...
INFO:     system check complete (0.000006 sec).
INFO: checking solvers...
INFO:     solvers check complete (0.000052 sec).
INFO: checking dup_inputs...
INFO:     dup_inputs check complete (0.000012 sec).
INFO: checking missing_recorders...
INFO:     missing_recorders check complete (0.000003 sec).
INFO: checking unserializable_options...
INFO:     unserializable_options check complete (0.000061 sec).
INFO: checking comp_has_no_outputs...
INFO:     comp_has_no_outputs check complete (0.000012 sec).
INFO: checking auto_ivc_warnings...
INFO:     auto_ivc_warnings check complete (0.000001 sec).
INFO: checking out_of_order...
INFO:     out_of_order check complete (0.000050 sec).
INFO: checking system...
INFO:     system check complete (0.000004 sec).
INFO: checking solvers...
INFO:     solvers check complete (0.000042 sec).
INFO: checking dup_inputs...
INFO:     dup_inputs check complete (0.000013 sec).
INFO: checking missing_recorders...
INFO:     missing_recorders check complete (0.000001 sec).
INFO: checking unserializable_options...
INFO:     unserializable_options check complete (0.000039 sec).
INFO: checking comp_has_no_outputs...
INFO:     comp_has_no_outputs check complete (0.000008 sec).
INFO: checking auto_ivc_warnings...
INFO:     auto_ivc_warnings check complete (0.000000 sec).
INFO: checking out_of_order...
INFO:     out_of_order check complete (0.000081 sec).
INFO: checking system...
INFO:     system check complete (0.000006 sec).
INFO: checking solvers...
INFO:     solvers check complete (0.000053 sec).
INFO: checking dup_inputs...
INFO:     dup_inputs check complete (0.000012 sec).
INFO: checking missing_recorders...
INFO:     missing_recorders check complete (0.000002 sec).
INFO: checking unserializable_options...
INFO:     unserializable_options check complete (0.000056 sec).
INFO: checking comp_has_no_outputs...
INFO:     comp_has_no_outputs check complete (0.000012 sec).
INFO: checking auto_ivc_warnings...
INFO:     auto_ivc_warnings check complete (0.000001 sec).
INFO: checking out_of_order...
INFO:     out_of_order check complete (0.000050 sec).
INFO: checking system...
INFO:     system check complete (0.000003 sec).
INFO: checking solvers...
INFO:     solvers check complete (0.000036 sec).
INFO: checking dup_inputs...
INFO:     dup_inputs check complete (0.000012 sec).
INFO: checking missing_recorders...
INFO:     missing_recorders check complete (0.000001 sec).
INFO: checking unserializable_options...
INFO:     unserializable_options check complete (0.000043 sec).
INFO: checking comp_has_no_outputs...
INFO:     comp_has_no_outputs check complete (0.000008 sec).
INFO: checking auto_ivc_warnings...
INFO:     auto_ivc_warnings check complete (0.000001 sec).
INFO: checking out_of_order...
INFO:     out_of_order check complete (0.000071 sec).
INFO: checking system...
INFO:     system check complete (0.000005 sec).
INFO: checking solvers...
INFO:     solvers check complete (0.000048 sec).
INFO: checking dup_inputs...
INFO:     dup_inputs check complete (0.000011 sec).
INFO: checking missing_recorders...
INFO:     missing_recorders check complete (0.000001 sec).
INFO: checking unserializable_options...
INFO:     unserializable_options check complete (0.000053 sec).
INFO: checking comp_has_no_outputs...
INFO:     comp_has_no_outputs check complete (0.000011 sec).
INFO: checking auto_ivc_warnings...
INFO:     auto_ivc_warnings check complete (0.000001 sec).
INFO: checking out_of_order...
INFO:     out_of_order check complete (0.000050 sec).
INFO: checking system...
INFO:     system check complete (0.000005 sec).
INFO: checking solvers...
INFO:     solvers check complete (0.000040 sec).
INFO: checking dup_inputs...
INFO:     dup_inputs check complete (0.000011 sec).
INFO: checking missing_recorders...
INFO:     missing_recorders check complete (0.000001 sec).
INFO: checking unserializable_options...
INFO:     unserializable_options check complete (0.000044 sec).
INFO: checking comp_has_no_outputs...
INFO:     comp_has_no_outputs check complete (0.000009 sec).
INFO: checking auto_ivc_warnings...
INFO:     auto_ivc_warnings check complete (0.000001 sec).
