INFO: checking out_of_order...
INFO:     out_of_order check complete (0.000184 sec).
INFO: checking system...
INFO:     system check complete (0.000007 sec).
INFO: checking solvers...
INFO:     solvers check complete (0.000318 sec).
INFO: checking dup_inputs...
INFO:     dup_inputs check complete (0.000017 sec).
INFO: checking missing_recorders...
INFO:     missing_recorders check complete (0.000001 sec).
INFO: checking unserializable_options...
INFO:     unserializable_options check complete (0.000077 sec).
INFO: checking comp_has_no_outputs...
INFO:     comp_has_no_outputs check complete (0.000014 sec).
INFO: checking auto_ivc_warnings...
INFO:     auto_ivc_warnings check complete (0.000001 sec).
INFO: checking out_of_order...
INFO:     out_of_order check complete (0.000055 sec).
INFO: checking system...
INFO:     system check complete (0.000004 sec).
INFO: checking solvers...
INFO:     solvers check complete (0.000044 sec).
INFO: checking dup_inputs...
INFO:     dup_inputs check complete (0.000011 sec).
INFO: checking missing_recorders...
INFO:     missing_recorders check complete (0.000001 sec).
INFO: checking unserializable_options...
INFO:     unserializable_options check complete (0.000043 sec).
INFO: checking comp_has_no_outputs...
INFO:     comp_has_no_outputs check complete (0.000009 sec).
INFO: checking auto_ivc_warnings...
INFO:     auto_ivc_warnings check complete (0.000001 sec).
INFO: checking out_of_order...
INFO:     out_of_order check complete (0.000099 sec).
INFO: checking system...
INFO:     system check complete (0.000006 sec).
INFO: checking solvers...
INFO:     solvers check complete (0.000056 sec).
INFO: checking dup_inputs...
INFO:     dup_inputs check complete (0.000012 sec).
INFO: checking missing_recorders...
INFO:     missing_recorders check complete (0.000001 sec).
INFO: checking unserializable_options...
INFO:     unserializable_options check complete (0.000068 sec).
INFO: checking comp_has_no_outputs...
INFO:     comp_has_no_outputs check complete (0.000013 sec).
INFO: checking auto_ivc_warnings...
INFO:     auto_ivc_warnings check complete (0.000003 sec).
INFO: checking out_of_order...
INFO:     out_of_order check complete (0.000055 sec).
INFO: checking system...
INFO:     system check complete (0.000006 sec).
INFO: checking solvers...
INFO:     solvers check complete (0.000048 sec).
INFO: checking dup_inputs...
INFO:     dup_inputs check complete (0.000012 sec).
INFO: checking missing_recorders...
INFO:     missing_recorders check complete (0.000002 sec).
INFO: checking unserializable_options...
INFO:     unserializable_options check complete (0.000056 sec).
INFO: checking comp_has_no_outputs...
INFO:     comp_has_no_outputs check complete (0.000012 sec).
INFO: checking auto_ivc_warnings...
INFO:     auto_ivc_warnings check complete (0.000001 sec).
INFO: checking out_of_order...
INFO:     out_of_order check complete (0.000145 sec).
INFO: checking system...
INFO:     system check complete (0.000011 sec).
INFO: checking solvers...
INFO:     solvers check complete (0.000076 sec).
INFO: checking dup_inputs...
INFO:     dup_inputs check complete (0.000016 sec).
INFO: checking missing_recorders...
INFO:     missing_recorders check complete (0.000002 sec).
INFO: checking unserializable_options...
INFO:     unserializable_options check complete (0.000095 sec).
INFO: checking comp_has_no_outputs...
INFO:     comp_has_no_outputs check complete (0.000028 sec).
INFO: checking auto_ivc_warnings...
INFO:     auto_ivc_warnings check complete (0.000003 sec).
INFO: checking out_of_order...
INFO:     out_of_order check complete (0.000070 sec).
INFO: checking system...
INFO:     system check complete (0.000005 sec).
INFO: checking solvers...
INFO:     solvers check complete (0.000042 sec).
INFO: checking dup_inputs...
INFO:     dup_inputs check complete (0.000011 sec).
INFO: checking missing_recorders...
INFO:     missing_recorders check complete (0.000001 sec).
INFO: checking unserializable_options...
INFO:     unserializable_options check complete (0.000052 sec).
INFO: checking comp_has_no_outputs...
INFO:     comp_has_no_outputs check complete (0.000011 sec).
INFO: checking auto_ivc_warnings...
INFO:     auto_ivc_warnings check complete (0.000001 sec).
INFO: checking out_of_order...
INFO:     out_of_order check complete (0.000082 sec).
INFO: checking system...
INFO:     system check complete (0.000005 sec).
INFO: checking solvers...
INFO:     solvers check complete (0.000052 sec).
INFO: checking dup_inputs...
INFO:     dup_inputs check complete (0.000014 sec).
INFO: checking missing_recorders...
INFO:     missing_recorders check complete (0.000001 sec).
INFO: checking unserializable_options...
INFO:     unserializable_options check complete (0.000068 sec).
INFO: checking comp_has_no_outputs...
INFO:     comp_has_no_outputs check complete (0.000010 sec).
INFO: checking auto_ivc_warnings...
INFO:     auto_ivc_warnings check complete (0.000001 sec).
INFO: checking out_of_order...
INFO:     out_of_order check complete (0.000044 sec).
INFO: checking system...
INFO:     system check complete (0.000004 sec).
INFO: checking solvers...
INFO:     solvers check complete (0.000043 sec).
INFO: checking dup_inputs...
INFO:     dup_inputs check complete (0.000011 sec).
INFO: checking missing_recorders...
INFO:     missing_recorders check complete (0.000001 sec).
INFO: checking unserializable_options...
INFO:     unserializable_options check complete (0.000047 sec).
INFO: checking comp_has_no_outputs...
INFO:     comp_has_no_outputs check complete (0.000010 sec).
INFO: checking auto_ivc_warnings...
INFO:     auto_ivc_warnings check complete (0.000001 sec).
INFO: checking out_of_order...
INFO:     out_of_order check complete (0.000075 sec).
INFO: checking system...
INFO:     system check complete (0.000005 sec).
INFO: checking solvers...
INFO:     solvers check complete (0.000045 sec).
INFO: checking dup_inputs...
INFO:     dup_inputs check complete (0.000012 sec).
INFO: checking missing_recorders...
INFO:     missing_recorders check complete (0.000001 sec).
INFO: checking unserializable_options...
INFO:     unserializable_options check complete (0.000055 sec).
INFO: checking comp_has_no_outputs...
INFO:     comp_has_no_outputs check complete (0.000010 sec).
INFO: checking auto_ivc_warnings...
INFO:     auto_ivc_warnings check complete (0.000001 sec).
INFO: checking out_of_order...
INFO:     out_of_order check complete (0.000047 sec).
INFO: checking system...
INFO:     system check complete (0.000004 sec).
INFO: checking solvers...
INFO:     solvers check complete (0.001583 sec).
INFO: checking dup_inputs...
INFO:     dup_inputs check complete (0.000028 sec).
INFO: checking missing_recorders...
INFO:     missing_recorders check complete (0.000003 sec).
INFO: checking unserializable_options...
INFO:     unserializable_options check complete (0.000148 sec).
INFO: checking comp_has_no_outputs...
INFO:     comp_has_no_outputs check complete (0.000052 sec).
INFO: checking auto_ivc_warnings...
INFO:     auto_ivc_warnings check complete (0.000002 sec).
INFO: checking out_of_order...
INFO:     out_of_order check complete (0.000076 sec).
INFO: checking system...
INFO:     system check complete (0.000006 sec).
INFO: checking solvers...
INFO:     solvers check complete (0.000047 sec).
INFO: checking dup_inputs...
INFO:     dup_inputs check complete (0.000014 sec).
INFO: checking missing_recorders...
INFO:     missing_recorders check complete (0.000001 sec).
INFO: checking unserializable_options...
INFO:     unserializable_options check complete (0.000056 sec).
INFO: checking comp_has_no_outputs...
INFO:     comp_has_no_outputs check complete (0.000010 sec).
INFO: checking auto_ivc_warnings...
INFO:     auto_ivc_warnings check complete (0.000001 sec).
INFO: checking out_of_order...
INFO:     out_of_order check complete (0.000051 sec).
INFO: checking system...
INFO:     system check complete (0.000005 sec).
INFO: checking solvers...
INFO:     solvers check complete (0.000040 sec).
INFO: checking dup_inputs...
INFO:     dup_inputs check complete (0.000011 sec).
INFO: checking missing_recorders...
INFO:     missing_recorders check complete (0.000001 sec).
INFO: checking unserializable_options...
INFO:     unserializable_options check complete (0.000047 sec).
INFO: checking comp_has_no_outputs...
INFO:     comp_has_no_outputs check complete (0.000009 sec).
INFO: checking auto_ivc_warnings...
INFO:     auto_ivc_warnings check complete (0.000001 sec).
INFO: checking out_of_order...
INFO:     out_of_order check complete (0.000075 sec).
INFO: checking system...
INFO:     system check complete (0.000006 sec).
INFO: checking solvers...
INFO:     solvers check complete (0.000047 sec).
INFO: checking dup_inputs...
INFO:     dup_inputs check complete (0.000011 sec).
INFO: checking missing_recorders...
INFO:     missing_recorders check complete (0.000001 sec).
INFO: checking unserializable_options...
INFO:     unserializable_options check complete (0.000054 sec).
INFO: checking comp_has_no_outputs...
INFO:     comp_has_no_outputs check complete (0.000010 sec).
INFO: checking auto_ivc_warnings...
INFO:     auto_ivc_warnings check complete (0.000001 sec).
INFO: checking out_of_order...
INFO:     out_of_order check complete (0.000047 sec).
INFO: checking system...
INFO:     system check complete (0.000005 sec).
INFO: checking solvers...
INFO:     solvers check complete (0.000040 sec).
INFO: checking dup_inputs...
INFO:     dup_inputs check complete (0.000011 sec).
INFO: checking missing_recorders...
INFO:     missing_recorders check complete (0.000001 sec).
INFO: checking unserializable_options...
INFO:     unserializable_options check complete (0.000044 sec).
INFO: checking comp_has_no_outputs...
INFO:     comp_has_no_outputs check complete (0.000016 sec).
INFO: checking auto_ivc_warnings...
INFO:     auto_ivc_warnings check complete (0.000001 sec).
INFO: checking out_of_order...
INFO:     out_of_order check complete (0.000081 sec).
INFO: checking system...
INFO:     system check complete (0.000006 sec).
INFO: checking solvers...
INFO:     solvers check complete (0.000048 sec).
INFO: checking dup_inputs...
INFO:     dup_inputs check complete (0.000012 sec).
INFO: checking missing_recorders...
INFO:     missing_recorders check complete (0.000001 sec).
INFO: checking unserializable_options...
INFO:     unserializable_options check complete (0.000065 sec).
INFO: checking comp_has_no_outputs...
INFO:     comp_has_no_outputs check complete (0.000014 sec).
INFO: checking auto_ivc_warnings...
INFO:     auto_ivc_warnings check complete (0.000001 sec).
INFO: checking out_of_order...
INFO:     out_of_order check complete (0.000050 sec).
INFO: checking system...
INFO:     system check complete (0.000005 sec).
INFO: checking solvers...
INFO:     solvers check complete (0.000042 sec).
INFO: checking dup_inputs...
INFO:     dup_inputs check complete (0.000011 sec).
INFO: checking missing_recorders...
INFO:     missing_recorders check complete (0.000001 sec).
INFO: checking unserializable_options...
INFO:     unserializable_options check complete (0.000050 sec).
INFO: checking comp_has_no_outputs...
INFO:     comp_has_no_outputs check complete (0.000012 sec).
INFO: checking auto_ivc_warnings...
INFO:     auto_ivc_warnings check complete (0.000001 sec).
INFO: checking out_of_order...
INFO:     out_of_order check complete (0.000250 sec).
INFO: checking system...
INFO:     system check complete (0.000042 sec).
INFO: checking solvers...
INFO:     solvers check complete (0.000137 sec).
INFO: checking dup_inputs...
INFO:     dup_inputs check complete (0.000028 sec).
INFO: checking missing_recorders...
INFO:     missing_recorders check complete (0.000004 sec).
INFO: checking unserializable_options...
INFO:     unserializable_options check complete (0.000235 sec).
INFO: checking comp_has_no_outputs...
INFO:     comp_has_no_outputs check complete (0.000032 sec).
INFO: checking auto_ivc_warnings...
INFO:     auto_ivc_warnings check complete (0.000002 sec).
INFO: checking out_of_order...
INFO:     out_of_order check complete (0.000181 sec).
INFO: checking system...
INFO:     system check complete (0.000016 sec).
INFO: checking solvers...
INFO:     solvers check complete (0.000157 sec).
INFO: checking dup_inputs...
INFO:     dup_inputs check complete (0.000027 sec).
INFO: checking missing_recorders...
INFO:     missing_recorders check complete (0.000003 sec).
INFO: checking unserializable_options...
INFO:     unserializable_options check complete (0.000073 sec).
INFO: checking comp_has_no_outputs...
INFO:     comp_has_no_outputs check complete (0.000018 sec).
INFO: checking auto_ivc_warnings...
INFO:     auto_ivc_warnings check complete (0.000001 sec).
INFO: checking out_of_order...
INFO:     out_of_order check complete (0.000071 sec).
INFO: checking system...
INFO:     system check complete (0.000005 sec).
INFO: checking solvers...
INFO:     solvers check complete (0.000041 sec).
INFO: checking dup_inputs...
INFO:     dup_inputs check complete (0.000012 sec).
INFO: checking missing_recorders...
INFO:     missing_recorders check complete (0.000001 sec).
INFO: checking unserializable_options...
INFO:     unserializable_options check complete (0.000058 sec).
INFO: checking comp_has_no_outputs...
INFO:     comp_has_no_outputs check complete (0.000011 sec).
INFO: checking auto_ivc_warnings...
INFO:     auto_ivc_warnings check complete (0.000001 sec).
INFO: checking out_of_order...
INFO:     out_of_order check complete (0.000048 sec).
INFO: checking system...
INFO:     system check complete (0.000004 sec).
INFO: checking solvers...
INFO:     solvers check complete (0.000036 sec).
INFO: checking dup_inputs...
INFO:     dup_inputs check complete (0.000010 sec).
INFO: checking missing_recorders...
INFO:     missing_recorders check complete (0.000001 sec).
INFO: checking unserializable_options...
INFO:     unserializable_options check complete (0.000039 sec).
INFO: checking comp_has_no_outputs...
INFO:     comp_has_no_outputs check complete (0.000008 sec).
INFO: checking auto_ivc_warnings...
INFO:     auto_ivc_warnings check complete (0.000001 sec).
INFO: checking out_of_order...
INFO:     out_of_order check complete (0.000069 sec).
INFO: checking system...
INFO:     system check complete (0.000006 sec).
INFO: checking solvers...
INFO:     solvers check complete (0.000048 sec).
INFO: checking dup_inputs...
INFO:     dup_inputs check complete (0.000012 sec).
INFO: checking missing_recorders...
INFO:     missing_recorders check complete (0.000001 sec).
INFO: checking unserializable_options...
INFO:     unserializable_options check complete (0.000052 sec).
INFO: checking comp_has_no_outputs...
INFO:     comp_has_no_outputs check complete (0.000010 sec).
INFO: checking auto_ivc_warnings...
INFO:     auto_ivc_warnings check complete (0.000001 sec).
INFO: checking out_of_order...
INFO:     out_of_order check complete (0.000045 sec).
INFO: checking system...
INFO:     system check complete (0.000004 sec).
INFO: checking solvers...
INFO:     solvers check complete (0.000038 sec).
INFO: checking dup_inputs...
INFO:     dup_inputs check complete (0.000011 sec).
INFO: checking missing_recorders...
INFO:     missing_recorders check complete (0.000001 sec).
INFO: checking unserializable_options...
INFO:     unserializable_options check complete (0.000050 sec).
INFO: checking comp_has_no_outputs...
INFO:     comp_has_no_outputs check complete (0.000012 sec).
INFO: checking auto_ivc_warnings...
INFO:     auto_ivc_warnings check complete (0.000001 sec).
INFO: checking out_of_order...
INFO:     out_of_order check complete (0.000070 sec).
INFO: checking system...
INFO:     system check complete (0.000006 sec).
INFO: checking solvers...
INFO:     solvers check complete (0.000048 sec).
INFO: checking dup_inputs...
INFO:     dup_inputs check complete (0.000013 sec).
INFO: checking missing_recorders...
INFO:     missing_recorders check complete (0.000001 sec).
INFO: checking unserializable_options...
INFO:     unserializable_options check complete (0.000069 sec).
INFO: checking comp_has_no_outputs...
INFO:     comp_has_no_outputs check complete (0.000014 sec).
INFO: checking auto_ivc_warnings...
INFO:     auto_ivc_warnings check complete (0.000001 sec).
INFO: checking out_of_order...
INFO:     out_of_order check complete (0.000106 sec).
INFO: checking system...
INFO:     system check complete (0.000007 sec).
INFO: checking solvers...
INFO:     solvers check complete (0.000052 sec).
INFO: checking dup_inputs...
INFO:     dup_inputs check complete (0.000012 sec).
INFO: checking missing_recorders...
INFO:     missing_recorders check complete (0.000001 sec).
INFO: checking unserializable_options...
INFO:     unserializable_options check complete (0.000049 sec).
INFO: checking comp_has_no_outputs...
INFO:     comp_has_no_outputs check complete (0.000011 sec).
INFO: checking auto_ivc_warnings...
INFO:     auto_ivc_warnings check complete (0.000001 sec).
INFO: checking out_of_order...
INFO:     out_of_order check complete (0.000088 sec).
INFO: checking system...
INFO:     system check complete (0.000007 sec).
INFO: checking solvers...
INFO:     solvers check complete (0.000055 sec).
INFO: checking dup_inputs...
INFO:     dup_inputs check complete (0.000013 sec).
INFO: checking missing_recorders...
INFO:     missing_recorders check complete (0.000001 sec).
INFO: checking unserializable_options...
INFO:     unserializable_options check complete (0.000066 sec).
INFO: checking comp_has_no_outputs...
INFO:     comp_has_no_outputs check complete (0.000016 sec).
INFO: checking auto_ivc_warnings...
INFO:     auto_ivc_warnings check complete (0.000001 sec).
INFO: checking out_of_order...
INFO:     out_of_order check complete (0.000051 sec).
INFO: checking system...
INFO:     system check complete (0.000004 sec).
INFO: checking solvers...
INFO:     solvers check complete (0.000038 sec).
INFO: checking dup_inputs...
INFO:     dup_inputs check complete (0.000012 sec).
INFO: checking missing_recorders...
INFO:     missing_recorders check complete (0.000010 sec).
INFO: checking unserializable_options...
INFO:     unserializable_options check complete (0.000058 sec).
INFO: checking comp_has_no_outputs...
INFO:     comp_has_no_outputs check complete (0.000010 sec).
INFO: checking auto_ivc_warnings...
INFO:     auto_ivc_warnings check complete (0.000001 sec).
